// Jest Snapshot v1, https://goo.gl/fbAQLP

exports[`Object utilities Omit deep should work correctly 1`] = `
{
  "b": {
    "c": {
      "b": 2,
    },
  },
}
`;

exports[`Object utilities Omit deep should work correctly 2`] = `1`;

exports[`Object utilities Omit deep should work correctly 3`] = `
[
  1,
  2,
  3,
]
`;

exports[`Object utilities Omit deep should work correctly 4`] = `
[
  1,
  2,
  {
    "b": {},
  },
]
`;

exports[`Object utilities Omit deep should work correctly 5`] = `
Set {
  {
    "b": Set {
      {},
    },
  },
  {
    "b": 2,
  },
}
`;

exports[`Object utilities Omit deep should work correctly 6`] = `
Map {
  "key1" => {
    "b": Map {
      "key3" => {},
    },
  },
  "key2" => {
    "b": 2,
  },
}
`;
